
> wingman@1.0.0 test:integration
> vitest run tests/integration --pool=forks


[1m[46m RUN [49m[22m [36mv4.0.18 [39m[90mC:/root/users/Arun/Project/AG_Workspaces/Wingman[39m

node.exe : (node:4052) TimeoutNegativeWarning: -1775773666852 is a negative number.
At line:1 char:1
+ & "C:\nvm4w\nodejs/node.exe" "C:\nvm4w\nodejs/node_modules/npm/bin/np ...
+ ~~~~~~~~~~~~~~~~~~~~~~~~~~~~~~~~~~~~~~~~~~~~~~~~~~~~~~~~~~~~~~~~~~~~~
    + CategoryInfo          : NotSpecified: ((node:4052) Tim...egative number.:String) [], RemoteException
    + FullyQualifiedErrorId : NativeCommandError
 
Timeout duration was set to 1.
(Use `node --trace-warnings ...` to show where the warning was created)
 [32mΓ£ô[39m tests/integration/docker-compose.integration.test.ts [2m([22m[2m6 tests[22m[2m)[22m[32m 86[2mms[22m[39m
[90mstdout[2m | tests/integration/downsample-pipeline.test.ts[2m > [22m[2mDownsampling Pipeline Diagnostic[2m > [22m[2mshould correctly downsample 48kHz ΓåÆ 16kHz and transcribe via Vosk
[22m[39mUpsampled: 132935 samples @ 16kHz ΓåÆ 398805 samples @ 48kHz
Downsampled to 32 chunks of 4096 samples each

 [31mΓ¥»[39m tests/integration/e2e-audio-pipeline.test.ts [2m([22m[2m2 tests[22m[2m | [22m[31m2 failed[39m[2m)[22m[32m 158[2mms[22m[39m
[31m     [31m├ù[31m should transcribe audio sent through Socket.IO ΓåÆ Kafka ΓåÆ Vosk pipeline[39m[32m 153[2mms[22m[39m
[31m     [31m├ù[31m should verify that Socket.IO correctly transmits binary data format[39m[32m 3[2mms[22m[39m
[90mstdout[2m | tests/integration/downsample-pipeline.test.ts[2m > [22m[2mDownsampling Pipeline Diagnostic[2m > [22m[2mshould correctly downsample 48kHz ΓåÆ 16kHz and transcribe via Vosk
[22m[39mVosk response: {"partial":""}

[90mstdout[2m | tests/integration/downsample-pipeline.test.ts[2m > [22m[2mDownsampling Pipeline Diagnostic[2m > [22m[2mshould correctly downsample 48kHz ΓåÆ 16kHz and transcribe via Vosk
[22m[39mVosk response: {"partial":""}

[90mstdout[2m | tests/integration/downsample-pipeline.test.ts[2m > [22m[2mDownsampling Pipeline Diagnostic[2m > [22m[2mshould correctly downsample 48kHz ΓåÆ 16kHz and transcribe via Vosk
[22m[39mVosk response: {"partial":""}

[90mstdout[2m | tests/integration/downsample-pipeline.test.ts[2m > [22m[2mDownsampling Pipeline Diagnostic[2m > [22m[2mshould correctly downsample 48kHz ΓåÆ 16kHz and transcribe via Vosk
[22m[39mVosk response: {"partial":""}

[90mstdout[2m | tests/integration/downsample-pipeline.test.ts[2m > [22m[2mDownsampling Pipeline Diagnostic[2m > [22m[2mshould correctly downsample 48kHz ΓåÆ 16kHz and transcribe via Vosk
[22m[39mVosk response: {"partial":""}

[90mstdout[2m | tests/integration/downsample-pipeline.test.ts[2m > [22m[2mDownsampling Pipeline Diagnostic[2m > [22m[2mshould correctly downsample 48kHz ΓåÆ 16kHz and transcribe via Vosk
[22m[39mVosk response: {"partial":""}

[90mstdout[2m | tests/integration/downsample-pipeline.test.ts[2m > [22m[2mDownsampling Pipeline Diagnostic[2m > [22m[2mshould correctly downsample 48kHz ΓåÆ 16kHz and transcribe via Vosk
[22m[39mVosk response: {"partial":"one"}

[90mstdout[2m | tests/integration/downsample-pipeline.test.ts[2m > [22m[2mDownsampling Pipeline Diagnostic[2m > [22m[2mshould correctly downsample 48kHz ΓåÆ 16kHz and transcribe via Vosk
[22m[39mVosk response: {"partial":"one"}

[90mstdout[2m | tests/integration/downsample-pipeline.test.ts[2m > [22m[2mDownsampling Pipeline Diagnostic[2m > [22m[2mshould correctly downsample 48kHz ΓåÆ 16kHz and transcribe via Vosk
[22m[39mVosk response: {"partial":"one zero zero"}

[90mstdout[2m | tests/integration/downsample-pipeline.test.ts[2m > [22m[2mDownsampling Pipeline Diagnostic[2m > [22m[2mshould correctly downsample 48kHz ΓåÆ 16kHz and transcribe via Vosk
[22m[39mVosk response: {"partial":"one zero zero"}

[90mstdout[2m | tests/integration/downsample-pipeline.test.ts[2m > [22m[2mDownsampling Pipeline Diagnostic[2m > [22m[2mshould correctly downsample 48kHz ΓåÆ 16kHz and transcribe via Vosk
[22m[39mVosk response: {"partial":"one zero zero zero one"}

[90mstdout[2m | tests/integration/downsample-pipeline.test.ts[2m > [22m[2mDownsampling Pipeline Diagnostic[2m > [22m[2mshould correctly downsample 48kHz ΓåÆ 16kHz and transcribe via Vosk
[22m[39mVosk response: {"partial":"one zero zero zero one"}

[90mstdout[2m | tests/integration/downsample-pipeline.test.ts[2m > [22m[2mDownsampling Pipeline Diagnostic[2m > [22m[2mshould correctly downsample 48kHz ΓåÆ 16kHz and transcribe via Vosk
[22m[39mVosk response: {"partial":"one zero zero zero one"}

[90mstdout[2m | tests/integration/downsample-pipeline.test.ts[2m > [22m[2mDownsampling Pipeline Diagnostic[2m > [22m[2mshould correctly downsample 48kHz ΓåÆ 16kHz and transcribe via Vosk
[22m[39mVosk response: {"partial":"one zero zero zero one"}

[90mstdout[2m | tests/integration/downsample-pipeline.test.ts[2m > [22m[2mDownsampling Pipeline Diagnostic[2m > [22m[2mshould correctly downsample 48kHz ΓåÆ 16kHz and transcribe via Vosk
[22m[39mVosk response: {"partial":"one zero zero zero one"}

[90mstdout[2m | tests/integration/downsample-pipeline.test.ts[2m > [22m[2mDownsampling Pipeline Diagnostic[2m > [22m[2mshould correctly downsample 48kHz ΓåÆ 16kHz and transcribe via Vosk
[22m[39mVosk response: {"partial":"one zero zero zero one"}

[90mstdout[2m | tests/integration/downsample-pipeline.test.ts[2m > [22m[2mDownsampling Pipeline Diagnostic[2m > [22m[2mshould correctly downsample 48kHz ΓåÆ 16kHz and transcribe via Vosk
[22m[39mVosk response: {"result":[{"conf":1,"end":1.14,"start":0.84,"word":"one"},{"conf":1,"end":1.53,"start":1.17,"word":"zero"},{"conf":1,"end":1.95,"start":1.53,"word":"zero"},{"conf":1,"end":2.34,"start":1.95,"word":"zero"},{"conf":1,"end":2.64,"start":2.34,"word":"one"}],"text":"one zero zero zero one"}

[90mstdout[2m | tests/integration/downsample-pipeline.test.ts[2m > [22m[2mDownsampling Pipeline Diagnostic[2m > [22m[2mshould correctly downsample 48kHz ΓåÆ 16kHz and transcribe via Vosk
[22m[39mVosk response: {"partial":""}

[90mstdout[2m | tests/integration/downsample-pipeline.test.ts[2m > [22m[2mDownsampling Pipeline Diagnostic[2m > [22m[2mshould correctly downsample 48kHz ΓåÆ 16kHz and transcribe via Vosk
[22m[39mVosk response: {"partial":"nine"}

[90mstdout[2m | tests/integration/downsample-pipeline.test.ts[2m > [22m[2mDownsampling Pipeline Diagnostic[2m > [22m[2mshould correctly downsample 48kHz ΓåÆ 16kHz and transcribe via Vosk
[22m[39mVosk response: {"partial":"nine oh two"}

[90mstdout[2m | tests/integration/downsample-pipeline.test.ts[2m > [22m[2mDownsampling Pipeline Diagnostic[2m > [22m[2mshould correctly downsample 48kHz ΓåÆ 16kHz and transcribe via Vosk
[22m[39mVosk response: {"partial":"nine oh two one one"}

[90mstdout[2m | tests/integration/downsample-pipeline.test.ts[2m > [22m[2mDownsampling Pipeline Diagnostic[2m > [22m[2mshould correctly downsample 48kHz ΓåÆ 16kHz and transcribe via Vosk
[22m[39mVosk response: {"partial":"nine oh two one oh"}

[90mstdout[2m | tests/integration/downsample-pipeline.test.ts[2m > [22m[2mDownsampling Pipeline Diagnostic[2m > [22m[2mshould correctly downsample 48kHz ΓåÆ 16kHz and transcribe via Vosk
[22m[39mVosk response: {"partial":"nine oh two one oh"}

[90mstdout[2m | tests/integration/downsample-pipeline.test.ts[2m > [22m[2mDownsampling Pipeline Diagnostic[2m > [22m[2mshould correctly downsample 48kHz ΓåÆ 16kHz and transcribe via Vosk
[22m[39mVosk response: {"partial":"nine oh two one oh"}

[90mstdout[2m | tests/integration/downsample-pipeline.test.ts[2m > [22m[2mDownsampling Pipeline Diagnostic[2m > [22m[2mshould correctly downsample 48kHz ΓåÆ 16kHz and transcribe via Vosk
[22m[39mVosk response: {"partial":"nine oh two one oh"}

[90mstdout[2m | tests/integration/downsample-pipeline.test.ts[2m > [22m[2mDownsampling Pipeline Diagnostic[2m > [22m[2mshould correctly downsample 48kHz ΓåÆ 16kHz and transcribe via Vosk
[22m[39mVosk response: {"result":[{"conf":1,"end":4.2,"start":3.96,"word":"nine"},{"conf":1,"end":4.32,"start":4.2,"word":"oh"},{"conf":1,"end":4.56,"start":4.32,"word":"two"},{"conf":1,"end":4.71,"start":4.56,"word":"one"},{"conf":1,"end":5.01,"start":4.71,"word":"oh"}],"text":"nine oh two one oh"}

[90mstdout[2m | tests/integration/downsample-pipeline.test.ts[2m > [22m[2mDownsampling Pipeline Diagnostic[2m > [22m[2mshould correctly downsample 48kHz ΓåÆ 16kHz and transcribe via Vosk
[22m[39mVosk response: {"partial":""}

[90mstdout[2m | tests/integration/downsample-pipeline.test.ts[2m > [22m[2mDownsampling Pipeline Diagnostic[2m > [22m[2mshould correctly downsample 48kHz ΓåÆ 16kHz and transcribe via Vosk
[22m[39mVosk response: {"partial":"sarah"}

[90mstdout[2m | tests/integration/downsample-pipeline.test.ts[2m > [22m[2mDownsampling Pipeline Diagnostic[2m > [22m[2mshould correctly downsample 48kHz ΓåÆ 16kHz and transcribe via Vosk
[22m[39mVosk response: {"partial":"zero one"}

[90mstdout[2m | tests/integration/downsample-pipeline.test.ts[2m > [22m[2mDownsampling Pipeline Diagnostic[2m > [22m[2mshould correctly downsample 48kHz ΓåÆ 16kHz and transcribe via Vosk
[22m[39mVosk response: {"partial":"zero one eight"}

[90mstdout[2m | tests/integration/downsample-pipeline.test.ts[2m > [22m[2mDownsampling Pipeline Diagnostic[2m > [22m[2mshould correctly downsample 48kHz ΓåÆ 16kHz and transcribe via Vosk
[22m[39mVosk response: {"partial":"zero one eight"}

[90mstdout[2m | tests/integration/downsample-pipeline.test.ts[2m > [22m[2mDownsampling Pipeline Diagnostic[2m > [22m[2mshould correctly downsample 48kHz ΓåÆ 16kHz and transcribe via Vosk
[22m[39mVosk response: {"partial":"zero one eight zero"}

[90mstdout[2m | tests/integration/downsample-pipeline.test.ts[2m > [22m[2mDownsampling Pipeline Diagnostic[2m > [22m[2mshould correctly downsample 48kHz ΓåÆ 16kHz and transcribe via Vosk
[22m[39mVosk response: {"result":[{"conf":1,"end":6.75,"start":6.27,"word":"zero"},{"conf":1,"end":6.96,"start":6.75,"word":"one"},{"conf":1,"end":7.2,"start":6.96,"word":"eight"},{"conf":1,"end":7.56,"start":7.2,"word":"zero"},{"conf":1,"end":8.04,"start":7.56,"word":"three"}],"text":"zero one eight zero three"}

[90mstdout[2m | tests/integration/downsample-pipeline.test.ts[2m > [22m[2mDownsampling Pipeline Diagnostic[2m > [22m[2mshould correctly downsample 48kHz ΓåÆ 16kHz and transcribe via Vosk
[22m[39mFinal transcript: "one zero zero zero one nine oh two one oh zero one eight zero three"

[90mstdout[2m | tests/integration/downsample-pipeline.test.ts[2m > [22m[2mDownsampling Pipeline Diagnostic[2m > [22m[2mshould verify chunk sizes match expectations
[22m[39mWAV file: 265870 bytes, 132935 samples @ 16kHz
Duration: 8.31s
Expected chunks (without downsampling): 32
Expected chunk size: 8192 bytes (8192)

[90mstdout[2m | tests/integration/downsample-pipeline.test.ts[2m > [22m[2mDownsampling Pipeline Diagnostic[2m > [22m[2mshould verify chunk sizes match expectations
[22m[39mDirect send transcript: "one zero zero zero one nine oh two one oh zero one eight zero three"

 [32mΓ£ô[39m tests/integration/downsample-pipeline.test.ts [2m([22m[2m2 tests[22m[2m)[22m[33m 3400[2mms[22m[39m
     [33m[2mΓ£ô[22m[39m should correctly downsample 48kHz ΓåÆ 16kHz and transcribe via Vosk [33m 1842[2mms[22m[39m
     [33m[2mΓ£ô[22m[39m should verify chunk sizes match expectations [33m 1555[2mms[22m[39m
 [32mΓ£ô[39m tests/integration/test-vosk.integration.test.ts [2m([22m[2m2 tests[22m[2m)[22m[33m 3436[2mms[22m[39m
     [33m[2mΓ£ô[22m[39m should transcribe a standard 16kHz WAV file seamlessly [33m 1715[2mms[22m[39m
     [33m[2mΓ£ô[22m[39m should transcribe audio when chunked using the frontend AudioWorklet logic [33m 1719[2mms[22m[39m

[31mΓÄ»ΓÄ»ΓÄ»ΓÄ»ΓÄ»ΓÄ»ΓÄ»[39m[1m[41m Failed Tests 2 [49m[22m[31mΓÄ»ΓÄ»ΓÄ»ΓÄ»ΓÄ»ΓÄ»ΓÄ»[39m

[41m[1m FAIL [22m[49m tests/integration/e2e-audio-pipeline.test.ts[2m > [22mE2E Audio Pipeline via Socket.IO[2m 
> [22mshould transcribe audio sent through Socket.IO ΓåÆ Kafka ΓåÆ Vosk pipeline
[41m[1m FAIL [22m[49m tests/integration/e2e-audio-pipeline.test.ts[2m > [22mE2E Audio Pipeline via Socket.IO[2m 
> [22mshould verify that Socket.IO correctly transmits binary data format
[31m[1mError[22m: websocket error[39m
[90m [2mΓ¥»[22m WS.onError node_modules/engine.io-client/build/esm-debug/transport.js:[2m41:37[22m[39m
[90m [2mΓ¥»[22m WebSocket.ws.onerror 
node_modules/engine.io-client/build/esm-debug/transports/websocket.js:[2m51:39[22m[39m
[90m [2mΓ¥»[22m callListener node_modules/engine.io-client/node_modules/ws/lib/event-target.js:[2m290:14[22m[39m
[90m [2mΓ¥»[22m WebSocket.onError 
node_modules/engine.io-client/node_modules/ws/lib/event-target.js:[2m230:9[22m[39m
[90m [2mΓ¥»[22m emitErrorAndClose 
node_modules/engine.io-client/node_modules/ws/lib/websocket.js:[2m1041:13[22m[39m
[90m [2mΓ¥»[22m ClientRequest.<anonymous> 
node_modules/engine.io-client/node_modules/ws/lib/websocket.js:[2m881:5[22m[39m

[31m[2mΓÄ»ΓÄ»ΓÄ»ΓÄ»ΓÄ»ΓÄ»ΓÄ»ΓÄ»ΓÄ»ΓÄ»ΓÄ»ΓÄ»ΓÄ»ΓÄ»ΓÄ»ΓÄ»ΓÄ»ΓÄ»ΓÄ»ΓÄ»ΓÄ»ΓÄ»ΓÄ»ΓÄ»[1/2]ΓÄ»[22m[39m


[2m Test Files [22m [1m[31m1 failed[39m[22m[2m | [22m[1m[32m3 passed[39m[22m[90m (4)[39m
[2m      Tests [22m [1m[31m2 failed[39m[22m[2m | [22m[1m[32m10 passed[39m[22m[90m (12)[39m
[2m   Start at [22m 15:27:46
[2m   Duration [22m 3.75s[2m (transform 259ms, setup 0ms, import 646ms, tests 7.08s, environment 1ms)[22m

